// Jest Snapshot v1, https://goo.gl/fbAQLP

exports[`components/label renders 1`] = `ShallowWrapper {}`;
