// Jest Snapshot v1, https://goo.gl/fbAQLP

exports[`components/button renders 1`] = `ShallowWrapper {}`;
