// Jest Snapshot v1, https://goo.gl/fbAQLP

exports[`components/dropdown should render a dropdown 1`] = `[Function]`;
