// Jest Snapshot v1, https://goo.gl/fbAQLP

exports[`components/button should render a button 1`] = `[Function]`;
