// Jest Snapshot v1, https://goo.gl/fbAQLP

exports[`components/blog should render 1`] = `[Function]`;
