// Jest Snapshot v1, https://goo.gl/fbAQLP

exports[`components/avatar should render a avatar 1`] = `[Function]`;
