// Jest Snapshot v1, https://goo.gl/fbAQLP

exports[`components/icon should render a icon 1`] = `[Function]`;
